---
source: test-suite/tests/cli_ktr_tests.rs
expression: result.stderr
---
KTR5001

  × circular dependency detected: test_ktr_circular::types::A -> test_ktr_circular::types::B
   ╭─[./tmp/cli_test_ktr_circular_struct_dependency/pkg/schema/types.ks:3:8]
 1 │ namespace types;
 2 │ 
 3 │ struct A {
   ·        ┬
   ·        ╰── circular dependency detected: test_ktr_circular::types::A -> test_ktr_circular::types::B
 4 │     b: B
 5 │ };
 6 │ 
 7 │ struct B {
 8 │     a: A
   ╰────
  help: restructure to break the circular import
